--- Recursive Text Replacement Tool ---
Directory:              /var/folders/yf/5qg7mtdd1sv4b2_ypncd7d200000gn/T/tmp.jMIuvhjgWU
Text to find:           'lumin'
Replacing with:         'xxx'
Dry run:                true
Case-insensitive:       false
Backup originals:       false
Extension filter:       (none)
Debug mode:             false
---------------------------------------

Processing: /var/folders/yf/5qg7mtdd1sv4b2_ypncd7d200000gn/T/tmp.jMIuvhjgWU/test.txt
  -> Would replace        3 occurrence(s)

--- Replacement Report ---
No files were modified.
Script finished.
--- Recursive Text Replacement Tool ---
Directory:              /var/folders/yf/5qg7mtdd1sv4b2_ypncd7d200000gn/T/tmp.qt5dUvR2Dt
Text to find:           'dolorem'
Replacing with:         'xxx'
Dry run:                true
Case-insensitive:       false
Backup originals:       false
Extension filter:       (none)
Debug mode:             false
---------------------------------------

Processing: /var/folders/yf/5qg7mtdd1sv4b2_ypncd7d200000gn/T/tmp.qt5dUvR2Dt/test.txt
  -> Would replace        4 occurrence(s)

--- Replacement Report ---
No files were modified.
Script finished.
--- Recursive Text Replacement Tool ---
Directory:              test-fixtures/
Text to find:           'dolorem'
Replacing with:         'xxx'
Dry run:                true
Case-insensitive:       true
Backup originals:       false
Extension filter:       (none)
Debug mode:             false
---------------------------------------

Processing: test-fixtures/original.txt
  -> Would replace        5 occurrence(s)

--- Replacement Report ---
No files were modified.
Script finished.
--- Recursive Text Replacement Tool ---
Directory:              /var/folders/yf/5qg7mtdd1sv4b2_ypncd7d200000gn/T/tmp.HTYiGDDTTw
Text to find:           'nonexisting'
Replacing with:         'xxx'
Dry run:                true
Case-insensitive:       false
Backup originals:       false
Extension filter:       (none)
Debug mode:             false
---------------------------------------


--- Replacement Report ---
No files were modified.
Script finished.
